// Jest Snapshot v1, https://goo.gl/fbAQLP

exports[`MovieCardFull should render correctly 1`] = `
<section
  className="movie-card movie-card--full"
  style={
    Object {
      "backgroundColor": "",
    }
  }
>
  <div
    className="movie-card__hero"
  >
    <div
      className="movie-card__bg"
    >
      <img
        alt="Active Movie"
        src=""
      />
    </div>
    <h1
      className="visually-hidden"
    >
      WTW
    </h1>
    <header
      className="page-header"
    >
      <div
        className="logo"
      >
        <a
          className="logo__link"
          href="/"
          onClick={[Function]}
        >
          <span
            className="logo__letter logo__letter--1"
          >
            W
          </span>
          <span
            className="logo__letter logo__letter--2"
          >
            T
          </span>
          <span
            className="logo__letter logo__letter--3"
          >
            W
          </span>
        </a>
      </div>
      <div
        className="user-block"
      >
        <a
          href="/mylist"
          onClick={[Function]}
        >
          <div
            className="user-block__avatar"
          >
            <img
              alt="User avatar"
              height="63"
              src="https://4.react.pages.academy"
              width="63"
            />
          </div>
        </a>
      </div>
    </header>
    <div
      className="movie-card__wrap"
    >
      <div
        className="movie-card__desc"
      >
        <h2
          className="movie-card__title"
        >
          Active Movie
        </h2>
        <p
          className="movie-card__meta"
        >
          <span
            className="movie-card__genre"
          >
            
          </span>
          <span
            className="movie-card__year"
          >
            1
          </span>
        </p>
        <div
          className="movie-card__buttons"
        >
          <a
            className="btn btn--play movie-card__button"
            href="/player/1"
            onClick={[Function]}
            type="button"
          >
            <svg
              height="19"
              viewBox="0 0 19 19"
              width="19"
            >
              <use
                xlinkHref="#play-s"
              />
            </svg>
            <span>
              Play
            </span>
          </a>
          <button
            className="btn btn--list movie-card__button"
            onClick={[Function]}
            type="button"
          >
            <svg
              height="14"
              viewBox="0 0 18 14"
              width="18"
            >
              <use
                xlinkHref="#in-list"
              />
            </svg>
            <span>
              My list
            </span>
          </button>
          <a
            className="btn btn--review movie-card__button"
            href="/films/1/review"
            onClick={[Function]}
          >
            Add review
          </a>
        </div>
      </div>
    </div>
  </div>
  <div
    className="movie-card__wrap movie-card__translate-top"
  >
    <div
      className="movie-card__info"
    >
      <div
        className="movie-card__poster movie-card__poster--big"
      >
        <img
          alt="Active Movie"
          height="327"
          src=""
          width="218"
        />
      </div>
      <div
        className="movie-card__desc"
      >
        <nav
          className="movie-nav movie-card__nav"
        >
          <ul
            className="movie-nav__list"
          >
            <li
              className="movie-nav__item movie-nav__item--active"
            >
              <a
                className="movie-nav__link"
                href="#"
                onClick={[Function]}
              >
                Overview
              </a>
            </li>
            <li
              className="movie-nav__item"
            >
              <a
                className="movie-nav__link"
                href="#"
                onClick={[Function]}
              >
                Reviews
              </a>
            </li>
            <li
              className="movie-nav__item"
            >
              <a
                className="movie-nav__link"
                href="#"
                onClick={[Function]}
              >
                Details
              </a>
            </li>
          </ul>
        </nav>
        <div
          className="movie-rating"
        >
          <div
            className="movie-rating__score"
          >
            1
          </div>
          <p
            className="movie-rating__meta"
          >
            <span
              className="movie-rating__level"
            >
              Bad
            </span>
            <span
              className="movie-rating__count"
            >
              1
               ratings
            </span>
          </p>
        </div>
        <div
          className="movie-card__text"
        >
          
          <p
            className="movie-card__director"
          >
            <strong>
              Director: 
              
            </strong>
          </p>
          <p
            className="movie-card__starring"
          >
            <strong>
              Starring: 
              
               and other
            </strong>
          </p>
        </div>
      </div>
    </div>
  </div>
</section>
`;
