// Jest Snapshot v1, https://goo.gl/fbAQLP

exports[`PrivateRoute should render LoginPage if user not authtorized 1`] = `null`;
