// Jest Snapshot v1, https://goo.gl/fbAQLP

exports[`MoviePoster should render correctly if user is logged in 1`] = `
<div
  className="movie-card__poster"
>
  <img
    alt="New Year"
    height="327"
    src="img/the-grand-budapest-hotel-poster.jpg"
    width="218"
  />
</div>
`;
