// Jest Snapshot v1, https://goo.gl/fbAQLP

exports[`MovieCard should render correctly 1`] = `
<article
  className="small-movie-card catalog__movies-card"
  onClick={[Function]}
  onMouseEnter={[Function]}
  onMouseLeave={[Function]}
>
  <div
    className="small-movie-card__image"
  >
    <video
      height="175"
      muted={true}
      poster="img/harry-potter.jpg"
      preload="none"
      width="280"
    />
  </div>
  <h3
    className="small-movie-card__title"
  >
    <a
      className="small-movie-card__link"
      href="movie-page.html"
      onClick={[Function]}
    >
      Harry Potter
    </a>
  </h3>
</article>
`;
