// Jest Snapshot v1, https://goo.gl/fbAQLP

exports[`CatalogList should render correctly 1`] = `
<div
  className="catalog__movies-list"
>
  <article
    className="small-movie-card catalog__movies-card"
    onClick={[Function]}
    onMouseEnter={[Function]}
    onMouseLeave={[Function]}
  >
    <a
      href="/films/1"
      onClick={[Function]}
    >
      <div
        className="small-movie-card__image"
      >
        <video
          height="175"
          preload="none"
          width="280"
        />
      </div>
    </a>
    <h3
      className="small-movie-card__title"
    >
      <a
        className="small-movie-card__link"
        href="/films/1"
        onClick={[Function]}
      >
        Fantastic Beasts: The Crimes of Grindelwald
      </a>
    </h3>
  </article>
  <article
    className="small-movie-card catalog__movies-card"
    onClick={[Function]}
    onMouseEnter={[Function]}
    onMouseLeave={[Function]}
  >
    <a
      href="/films/2"
      onClick={[Function]}
    >
      <div
        className="small-movie-card__image"
      >
        <video
          height="175"
          preload="none"
          width="280"
        />
      </div>
    </a>
    <h3
      className="small-movie-card__title"
    >
      <a
        className="small-movie-card__link"
        href="/films/2"
        onClick={[Function]}
      >
        Bohemian Rhapsody
      </a>
    </h3>
  </article>
  <article
    className="small-movie-card catalog__movies-card"
    onClick={[Function]}
    onMouseEnter={[Function]}
    onMouseLeave={[Function]}
  >
    <a
      href="/films/3"
      onClick={[Function]}
    >
      <div
        className="small-movie-card__image"
      >
        <video
          height="175"
          preload="none"
          width="280"
        />
      </div>
    </a>
    <h3
      className="small-movie-card__title"
    >
      <a
        className="small-movie-card__link"
        href="/films/3"
        onClick={[Function]}
      >
        Macbeth
      </a>
    </h3>
  </article>
  <article
    className="small-movie-card catalog__movies-card"
    onClick={[Function]}
    onMouseEnter={[Function]}
    onMouseLeave={[Function]}
  >
    <a
      href="/films/4"
      onClick={[Function]}
    >
      <div
        className="small-movie-card__image"
      >
        <video
          height="175"
          preload="none"
          width="280"
        />
      </div>
    </a>
    <h3
      className="small-movie-card__title"
    >
      <a
        className="small-movie-card__link"
        href="/films/4"
        onClick={[Function]}
      >
        Aviator
      </a>
    </h3>
  </article>
  <article
    className="small-movie-card catalog__movies-card"
    onClick={[Function]}
    onMouseEnter={[Function]}
    onMouseLeave={[Function]}
  >
    <a
      href="/films/5"
      onClick={[Function]}
    >
      <div
        className="small-movie-card__image"
      >
        <video
          height="175"
          preload="none"
          width="280"
        />
      </div>
    </a>
    <h3
      className="small-movie-card__title"
    >
      <a
        className="small-movie-card__link"
        href="/films/5"
        onClick={[Function]}
      >
        We need to talk about Kevin
      </a>
    </h3>
  </article>
  <article
    className="small-movie-card catalog__movies-card"
    onClick={[Function]}
    onMouseEnter={[Function]}
    onMouseLeave={[Function]}
  >
    <a
      href="/films/6"
      onClick={[Function]}
    >
      <div
        className="small-movie-card__image"
      >
        <video
          height="175"
          preload="none"
          width="280"
        />
      </div>
    </a>
    <h3
      className="small-movie-card__title"
    >
      <a
        className="small-movie-card__link"
        href="/films/6"
        onClick={[Function]}
      >
        What We Do in the Shadows
      </a>
    </h3>
  </article>
</div>
`;
