// Jest Snapshot v1, https://goo.gl/fbAQLP

exports[`Reviews should render correctly 1`] = `
<div
  className="movie-card__reviews movie-card__row"
>
  <div
    className="movie-card__reviews-col"
  >
    <div
      className="review"
    >
      <blockquote
        className="review__quote"
      >
        <p
          className="review__text"
        >
          
        </p>
        <footer
          className="review__details"
        >
          <cite
            className="review__author"
          >
            Kendall
          </cite>
          <time
            className="review__date"
            dateTime="2016-12-24"
          >
            
          </time>
        </footer>
      </blockquote>
      <div
        className="review__rating"
      >
        8.7
      </div>
    </div>
  </div>
  <div
    className="movie-card__reviews-col"
  />
</div>
`;
