// Jest Snapshot v1, https://goo.gl/fbAQLP

exports[`MovieCard should render correctly 1`] = `
<article
  className="small-movie-card catalog__movies-card"
  onClick={[Function]}
  onMouseEnter={[Function]}
  onMouseLeave={[Function]}
>
  <a
    href="/films/1"
    onClick={[Function]}
  >
    <div
      className="small-movie-card__image"
    >
      <video />
    </div>
  </a>
  <h3
    className="small-movie-card__title"
  >
    <a
      className="small-movie-card__link"
      href="/films/1"
      onClick={[Function]}
    >
      Harry Potter
    </a>
  </h3>
</article>
`;
