// Jest Snapshot v1, https://goo.gl/fbAQLP

exports[`VideoPlayer should render correctly 1`] = `
<div
  className="small-movie-card__image"
  onMouseEnter={[Function]}
  onMouseLeave={[Function]}
>
  <video
    height="175"
    muted={true}
    poster="img/the-grand-budapest-hotel.jpg"
    preload="none"
    src="https://upload.wikimedia.org/wikipedia/commons/b/bb/2020-06-19_%E2%80%94_Fechner_monument%2C_Diepenheim.webm"
    width="280"
  />
</div>
`;
