// Jest Snapshot v1, https://goo.gl/fbAQLP

exports[`SmallMovieCard should render correctly 1`] = `
<article
  className="small-movie-card catalog__movies-card"
>
  <div
    className="small-movie-card__image"
  >
    <img
      alt="Harry Potter"
      height="175"
      src="img/harry-potter.jpg"
      width="280"
    />
  </div>
  <h3
    className="small-movie-card__title"
  >
    <a
      className="small-movie-card__link"
      href="movie-page.html"
      onClick={[Function]}
      onMouseEnter={[Function]}
    >
      Harry Potter
    </a>
  </h3>
</article>
`;
